// Jest Snapshot v1, https://goo.gl/fbAQLP

exports[`Test specific country renders correctly 1`] = `
<div
  class="heading"
>
  Enter a valid country!
</div>
`;
